[2025-02-22T22:53:43.862Z] INFO: Application started successfully
[2025-02-22T22:53:43.866Z] ERROR: An error occurred
[2025-02-22T22:53:44.268Z] INFO: Database connection established..
[2025-02-22T22:53:48.595Z] INFO: Application started successfully
[2025-02-22T22:53:48.596Z] ERROR: An error occurred
[2025-02-22T22:53:48.994Z] INFO: Database connection established..
[2025-02-22T22:53:59.104Z] INFO: Application started successfully
[2025-02-22T22:53:59.105Z] ERROR: An error occurred
[2025-02-22T22:54:04.094Z] INFO: Application started successfully
[2025-02-22T22:54:04.095Z] ERROR: An error occurred
[2025-02-22T22:54:04.480Z] INFO: Database connection established
[2025-02-22T22:54:24.931Z] INFO: Application started successfully
[2025-02-22T22:54:24.932Z] ERROR: An error occurred
[2025-02-22T22:54:25.379Z] INFO: Database connection established
[2025-02-22T22:54:37.985Z] INFO: Application started successfully
[2025-02-22T22:54:37.986Z] ERROR: An error occurred
[2025-02-22T22:54:42.622Z] INFO: Application started successfully
[2025-02-22T22:54:42.624Z] ERROR: An error occurred
[2025-02-22T22:54:43.173Z] INFO: Database connection established
[2025-02-22T22:55:01.216Z] INFO: Database connection established
[2025-02-22T22:55:02.155Z] INFO: Database connection established
[2025-02-22T22:56:30.140Z] INFO: Database connection established
[2025-02-22T22:56:30.143Z] INFO: Server running successfully on 3000
[2025-02-22T22:59:00.382Z] INFO: Database connection established
[2025-02-22T22:59:00.387Z] INFO: Server running successfully on 3000
[2025-02-22T22:59:13.096Z] INFO: Database connection established
[2025-02-22T22:59:13.101Z] INFO: Server running successfully on 3000
[2025-02-22T22:59:14.407Z] INFO: Database connection established
[2025-02-22T22:59:14.410Z] INFO: Server running successfully on 3000
[2025-02-22T22:59:46.014Z] INFO: Database connection established
[2025-02-22T22:59:46.018Z] INFO: Server running successfully on 3000
[2025-02-22T23:00:24.126Z] INFO: Database connection established
[2025-02-22T23:00:24.134Z] INFO: Server running successfully on 3000
[2025-02-22T23:00:57.583Z] INFO: Database connection established
[2025-02-22T23:00:57.589Z] INFO: Server running successfully on 3000
[2025-02-22T23:01:16.974Z] INFO: Database connection established
[2025-02-22T23:01:16.981Z] INFO: Server running successfully on 3000
[2025-02-22T23:01:22.984Z] INFO: Database connection established
[2025-02-22T23:01:22.989Z] INFO: Server running successfully on 3000
[2025-02-22T23:01:26.588Z] INFO: Database connection established
[2025-02-22T23:01:26.591Z] INFO: Server running successfully on 3000
[2025-02-22T23:01:30.432Z] INFO: {67ba47617cc2295d73cf4358}
[2025-02-22T23:01:40.046Z] INFO: Wrror is not defined
[2025-02-22T23:01:58.406Z] INFO: Database connection established
[2025-02-22T23:01:58.411Z] INFO: Server running successfully on 3000
[2025-02-22T23:02:02.131Z] INFO: Token is invalid or not present
[2025-02-22T23:05:48.048Z] INFO: Database connection established
[2025-02-22T23:05:48.053Z] INFO: Server running successfully on 3000
[2025-02-22T23:06:07.657Z] INFO: Database connection established
[2025-02-22T23:06:07.660Z] INFO: Server running successfully on 3000
[2025-02-22T23:07:44.736Z] INFO: Database connection established
[2025-02-22T23:07:44.740Z] INFO: Server running successfully on 3000
[2025-02-22T23:08:25.363Z] INFO: Database connection established
[2025-02-22T23:08:25.368Z] INFO: Server running successfully on 3000
[2025-02-22T23:08:55.907Z] INFO: Database connection established
[2025-02-22T23:08:55.911Z] INFO: Server running successfully on 3000
[2025-02-22T23:09:13.985Z] INFO: Database connection established
[2025-02-22T23:09:13.987Z] INFO: Server running successfully on 3000
[2025-02-22T23:09:17.697Z] INFO: Database connection established
[2025-02-22T23:09:17.700Z] INFO: Server running successfully on 3000
[2025-02-22T23:10:18.052Z] INFO: Database connection established
[2025-02-22T23:10:18.054Z] INFO: Server running successfully on 3000
[2025-02-22T23:10:29.276Z] INFO: Database connection established
[2025-02-22T23:10:29.279Z] INFO: Server running successfully on 3000
[2025-02-22T23:10:36.194Z] INFO: Database connection established
[2025-02-22T23:10:36.198Z] INFO: Server running successfully on 3000
[2025-02-22T23:10:48.855Z] INFO: Database connection established
[2025-02-22T23:10:48.859Z] INFO: Server running successfully on 3000
[2025-02-22T23:10:54.199Z] INFO: Database connection established
[2025-02-22T23:10:54.202Z] INFO: Server running successfully on 3000
[2025-02-22T23:11:02.861Z] INFO: Database connection established
[2025-02-22T23:11:02.863Z] INFO: Server running successfully on 3000
[2025-02-22T23:11:23.793Z] INFO: Database connection established
[2025-02-22T23:11:23.796Z] INFO: Server running successfully on 3000
[2025-02-22T23:11:24.571Z] INFO: Database connection established
[2025-02-22T23:11:24.575Z] INFO: Server running successfully on 3000
[2025-02-22T23:11:28.173Z] INFO: Database connection established
[2025-02-22T23:11:28.176Z] INFO: Server running successfully on 3000
[2025-02-22T23:11:38.231Z] INFO: Database connection established
[2025-02-22T23:11:38.233Z] INFO: Server running successfully on 3000
[2025-02-22T23:11:47.583Z] INFO: Database connection established
[2025-02-22T23:11:47.586Z] INFO: Server running successfully on 3000
[2025-02-22T23:12:08.581Z] INFO: Database connection established
[2025-02-22T23:12:08.584Z] INFO: Server running successfully on 3000
[2025-02-22T23:12:21.638Z] INFO: Database connection established
[2025-02-22T23:12:21.640Z] INFO: Server running successfully on 3000
[2025-02-22T23:12:22.895Z] INFO: Database connection established
[2025-02-22T23:12:22.898Z] INFO: Server running successfully on 3000
[2025-02-22T23:12:24.172Z] INFO: Database connection established
[2025-02-22T23:12:24.174Z] INFO: Server running successfully on 3000
[2025-02-22T23:13:07.113Z] INFO: Database connection established
[2025-02-22T23:13:07.116Z] INFO: Server running successfully on 3000
[2025-02-22T23:13:29.638Z] INFO: Database connection established
[2025-02-22T23:13:29.640Z] INFO: Server running successfully on 3000
[2025-02-22T23:13:33.377Z] INFO: Database connection established
[2025-02-22T23:13:33.379Z] INFO: Server running successfully on 3000
[2025-02-22T23:14:19.640Z] INFO: Database connection established
[2025-02-22T23:14:19.643Z] INFO: Server running successfully on 3000
[2025-02-22T23:14:49.523Z] INFO: Database connection established
[2025-02-22T23:14:49.526Z] INFO: Server running successfully on 3000
[2025-02-22T23:15:06.638Z] INFO: Database connection established
[2025-02-22T23:15:06.643Z] INFO: Server running successfully on 3000
[2025-02-22T23:15:20.205Z] INFO: Database connection established
[2025-02-22T23:15:20.209Z] INFO: Server running successfully on 3000
[2025-02-22T23:16:02.596Z] INFO: Database connection established
[2025-02-22T23:16:02.601Z] INFO: Server running successfully on 3000
[2025-02-22T23:17:53.367Z] INFO: Database connection established
[2025-02-22T23:17:53.372Z] INFO: Server running successfully on 3000
[2025-02-22T23:18:05.642Z] INFO: Database connection established
[2025-02-22T23:18:05.646Z] INFO: Server running successfully on 3000
[2025-02-22T23:18:06.594Z] INFO: Database connection established
[2025-02-22T23:18:06.598Z] INFO: Server running successfully on 3000
[2025-02-22T23:18:12.009Z] INFO: Database connection established
[2025-02-22T23:18:12.012Z] INFO: Server running successfully on 3000
[2025-02-22T23:18:18.907Z] INFO: Database connection established
[2025-02-22T23:18:18.909Z] INFO: Server running successfully on 3000
[2025-02-22T23:18:42.114Z] INFO: Database connection established
[2025-02-22T23:18:42.117Z] INFO: Server running successfully on 3000
[2025-02-22T23:18:55.078Z] INFO: Database connection established
[2025-02-22T23:18:55.082Z] INFO: Server running successfully on 3000
[2025-02-22T23:19:09.025Z] INFO: No user profile to show
[2025-02-22T23:19:17.081Z] INFO: No user profile to show
[2025-02-22T23:19:24.933Z] INFO: Database connection established
[2025-02-22T23:19:24.936Z] INFO: Server running successfully on 3000
[2025-02-22T23:19:30.002Z] INFO: Database connection established
[2025-02-22T23:19:30.007Z] INFO: Server running successfully on 3000
[2025-02-22T23:19:56.765Z] INFO: Database connection established
[2025-02-22T23:19:56.768Z] INFO: Server running successfully on 3000
[2025-02-22T23:20:04.557Z] INFO: No user profile to show
[2025-02-22T23:20:32.573Z] INFO: Database connection established
[2025-02-22T23:20:32.579Z] INFO: Server running successfully on 3000
[2025-02-22T23:20:34.155Z] INFO: Database connection established
[2025-02-22T23:20:34.157Z] INFO: Server running successfully on 3000
[2025-02-22T23:20:36.501Z] INFO: No user profile to show
[2025-02-22T23:21:26.456Z] INFO: Database connection established
[2025-02-22T23:21:26.459Z] INFO: Server running successfully on 3000
[2025-02-22T23:22:15.557Z] INFO: Database connection established
[2025-02-22T23:22:15.562Z] INFO: Server running successfully on 3000
[2025-02-22T23:22:17.181Z] INFO: Database connection established
[2025-02-22T23:22:17.183Z] INFO: Server running successfully on 3000
[2025-02-22T23:22:45.448Z] INFO: Database connection established
[2025-02-22T23:22:45.452Z] INFO: Server running successfully on 3000
[2025-02-22T23:23:01.710Z] INFO: Database connection established
[2025-02-22T23:23:01.713Z] INFO: Server running successfully on 3000
[2025-02-22T23:23:04.221Z] INFO: undefined
[2025-02-22T23:23:22.196Z] INFO: Database connection established
[2025-02-22T23:23:22.200Z] INFO: Server running successfully on 3000
[2025-02-22T23:23:47.738Z] INFO: Database connection established
[2025-02-22T23:23:47.740Z] INFO: Server running successfully on 3000
[2025-02-22T23:23:54.901Z] INFO: undefined
[2025-02-22T23:24:08.397Z] INFO: Database connection established
[2025-02-22T23:24:08.402Z] INFO: Server running successfully on 3000
[2025-02-22T23:24:09.504Z] INFO: undefined
[2025-02-22T23:24:29.457Z] INFO: Database connection established
[2025-02-22T23:24:29.462Z] INFO: Server running successfully on 3000
[2025-02-22T23:24:46.667Z] INFO: undefined
[2025-02-22T23:26:12.024Z] INFO: Database connection established
[2025-02-22T23:26:12.031Z] INFO: Server running successfully on 3000
[2025-02-22T23:29:30.165Z] INFO: Database connection established
[2025-02-22T23:29:30.172Z] INFO: Server running successfully on 3000
[2025-02-22T23:29:33.435Z] INFO: {67ba47617cc2295d73cf4358}
[2025-02-22T23:30:31.086Z] INFO: Database connection established
[2025-02-22T23:30:31.089Z] INFO: Server running successfully on 3000
[2025-02-22T23:30:33.054Z] INFO: {67ba47617cc2295d73cf4358}
[2025-02-22T23:30:33.950Z] INFO: {67ba47617cc2295d73cf4358}
[2025-02-22T23:31:12.314Z] INFO: Database connection established
[2025-02-22T23:31:43.158Z] INFO: Database connection established
[2025-02-22T23:31:43.166Z] INFO: Server running successfully on 3000
[2025-02-22T23:31:47.042Z] INFO: {67ba47617cc2295d73cf4358}
[2025-02-22T23:32:19.689Z] INFO: {67ba47617cc2295d73cf4358}
[2025-02-22T23:32:58.822Z] INFO: Database connection established
[2025-02-22T23:32:58.826Z] INFO: Server running successfully on 3000
[2025-02-22T23:33:03.672Z] INFO: {67ba47617cc2295d73cf4358}
[2025-02-22T23:33:03.719Z] INFO: {
  _id: new ObjectId('67ba47617cc2295d73cf4358'),
  firstName: 'Abhisehk',
  lastName: 'Singh',
  emailId: 'abhi@gmail.com',
  password: '$2b$10$tJPTM1WkSHBNM80yveICXuPpA2bjyxP5GqV3LuHYgcjFqVphHvGou',
  age: 30,
  gender: 'male',
  photoUrl: 'https://www.nicepng.com/png/detail/72-729987_big-image-user-clipart-png.png',
  skills: [ 'Go', 'Node', 'Aws' ],
  createdAt: 2025-02-22T21:53:37.953Z,
  updatedAt: 2025-02-22T22:01:17.265Z,
  __v: 0
}
[2025-02-22T23:33:15.120Z] INFO: Database connection established
[2025-02-22T23:33:15.123Z] INFO: Server running successfully on 3000
[2025-02-22T23:33:22.608Z] INFO: Database connection established
[2025-02-22T23:33:22.611Z] INFO: Server running successfully on 3000
[2025-02-22T23:37:04.450Z] INFO: Database connection established
[2025-02-22T23:37:04.454Z] INFO: Server running successfully on 3000
[2025-02-22T23:37:27.624Z] INFO: Database connection established
[2025-02-22T23:37:27.628Z] INFO: Server running successfully on 3000
[2025-02-22T23:37:48.699Z] INFO: Database connection established
[2025-02-22T23:37:48.702Z] INFO: Server running successfully on 3000
[2025-02-22T23:38:09.984Z] INFO: Database connection established
[2025-02-22T23:38:09.987Z] INFO: Server running successfully on 3000
[2025-02-22T23:38:28.039Z] INFO: Database connection established
[2025-02-22T23:38:28.042Z] INFO: Server running successfully on 3000
[2025-02-22T23:39:41.474Z] INFO: Database connection established
[2025-02-22T23:39:41.478Z] INFO: Server running successfully on 3000
[2025-02-22T23:40:55.363Z] INFO: Database connection established
[2025-02-22T23:40:55.367Z] INFO: Server running successfully on 3000
[2025-02-22T23:40:58.747Z] INFO: Database connection established
[2025-02-22T23:40:58.749Z] INFO: Server running successfully on 3000
[2025-02-22T23:45:02.031Z] INFO: Database connection established
[2025-02-22T23:45:02.036Z] INFO: Server running successfully on 3000
[2025-02-22T23:48:45.864Z] INFO: Database connection established
[2025-02-22T23:48:45.871Z] INFO: Server running successfully on 3000
[2025-02-23T00:03:36.946Z] INFO: Database connection established
[2025-02-23T00:03:36.950Z] INFO: Server running successfully on 3000
[2025-02-23T00:33:33.560Z] INFO: Database connection established
[2025-02-23T00:33:33.567Z] INFO: Server running successfully on 3000
[2025-02-23T00:34:31.942Z] INFO: Database connection established
[2025-02-23T00:34:31.944Z] INFO: Server running successfully on 3000
[2025-02-23T00:34:51.323Z] INFO: Database connection established
[2025-02-23T00:34:51.326Z] INFO: Server running successfully on 3000
[2025-02-23T00:36:02.406Z] INFO: Database connection established
[2025-02-23T00:36:02.410Z] INFO: Server running successfully on 3000
[2025-02-23T00:36:15.770Z] INFO: Database connection established
[2025-02-23T00:36:15.773Z] INFO: Server running successfully on 3000
[2025-02-23T00:36:28.894Z] INFO: Database connection established
[2025-02-23T00:36:28.897Z] INFO: Server running successfully on 3000
[2025-02-23T00:36:39.673Z] INFO: Database connection established
[2025-02-23T00:36:39.677Z] INFO: Server running successfully on 3000
[2025-02-23T00:36:55.827Z] INFO: Database connection established
[2025-02-23T00:36:55.830Z] INFO: Server running successfully on 3000
[2025-02-23T00:37:33.807Z] INFO: Database connection established
[2025-02-23T00:37:33.809Z] INFO: Server running successfully on 3000
[2025-02-23T00:37:49.597Z] INFO: Database connection established
[2025-02-23T00:37:49.600Z] INFO: Server running successfully on 3000
[2025-02-23T00:38:07.547Z] INFO: Database connection established
[2025-02-23T00:38:07.551Z] INFO: Server running successfully on 3000
[2025-02-23T00:38:26.536Z] INFO: Database connection established
[2025-02-23T00:38:26.540Z] INFO: Server running successfully on 3000
[2025-02-23T00:38:46.575Z] INFO: Database connection established
[2025-02-23T00:38:46.582Z] INFO: Server running successfully on 3000
[2025-02-23T00:38:58.326Z] INFO: Database connection established
[2025-02-23T00:38:58.329Z] INFO: Server running successfully on 3000
[2025-02-23T00:38:59.626Z] INFO: Database connection established
[2025-02-23T00:38:59.628Z] INFO: Server running successfully on 3000
[2025-02-23T00:39:00.862Z] INFO: Database connection established
[2025-02-23T00:39:00.865Z] INFO: Server running successfully on 3000
[2025-02-23T00:42:52.207Z] INFO: Database connection established
[2025-02-23T00:42:52.212Z] INFO: Server running successfully on 3000
[2025-02-23T00:43:42.484Z] INFO: Database connection established
[2025-02-23T00:43:42.489Z] INFO: Server running successfully on 3000
[2025-02-23T00:43:54.367Z] INFO: Database connection established
[2025-02-23T00:43:54.369Z] INFO: Server running successfully on 3000
[2025-02-23T00:43:57.744Z] INFO: Database connection established
[2025-02-23T00:43:57.748Z] INFO: Server running successfully on 3000
[2025-02-23T00:44:18.808Z] INFO: Database connection established
[2025-02-23T00:44:18.813Z] INFO: Server running successfully on 3000
[2025-02-23T00:44:31.804Z] INFO: Database connection established
[2025-02-23T00:44:31.810Z] INFO: Server running successfully on 3000
[2025-02-23T00:45:01.268Z] INFO: Database connection established
[2025-02-23T00:45:01.274Z] INFO: Server running successfully on 3000
[2025-02-23T00:45:18.146Z] INFO: Database connection established
[2025-02-23T00:45:18.152Z] INFO: Server running successfully on 3000
[2025-02-23T00:45:27.151Z] INFO: Database connection established
[2025-02-23T00:45:27.155Z] INFO: Server running successfully on 3000
[2025-02-23T00:45:27.971Z] INFO: Database connection established
[2025-02-23T00:45:27.974Z] INFO: Server running successfully on 3000
[2025-02-23T00:46:47.662Z] INFO: Database connection established
[2025-02-23T00:46:47.666Z] INFO: Server running successfully on 3000
[2025-02-23T00:47:17.811Z] INFO: Database connection established
[2025-02-23T00:47:17.813Z] INFO: Server running successfully on 3000
[2025-02-23T00:47:19.993Z] INFO: Database connection established
[2025-02-23T00:47:19.997Z] INFO: Server running successfully on 3000
[2025-02-23T00:47:31.163Z] INFO: Database connection established
[2025-02-23T00:47:31.168Z] INFO: Server running successfully on 3000
[2025-02-23T00:49:33.323Z] INFO: Database connection established
[2025-02-23T00:49:33.327Z] INFO: Server running successfully on 3000
[2025-02-23T00:51:07.140Z] INFO: Database connection established
[2025-02-23T00:51:07.144Z] INFO: Server running successfully on 3000
[2025-02-23T00:53:04.402Z] INFO: Database connection established
[2025-02-23T00:53:04.409Z] INFO: Server running successfully on 3000
[2025-02-23T01:00:07.696Z] INFO: Database connection established
[2025-02-23T01:00:07.702Z] INFO: Server running successfully on 3000
[2025-02-23T01:00:08.320Z] INFO: Database connection established
[2025-02-23T01:00:08.324Z] INFO: Server running successfully on 3000
[2025-02-23T01:00:12.338Z] INFO: Database connection established
[2025-02-23T01:00:12.344Z] INFO: Server running successfully on 3000
[2025-02-23T01:01:25.227Z] INFO: Database connection established
[2025-02-23T01:01:25.234Z] INFO: Server running successfully on 3000
[2025-02-23T01:01:34.452Z] INFO: Database connection established
[2025-02-23T01:01:34.456Z] INFO: Server running successfully on 3000
[2025-02-23T01:01:42.966Z] INFO: Database connection established
[2025-02-23T01:01:42.968Z] INFO: Server running successfully on 3000
[2025-02-23T01:01:51.397Z] INFO: Database connection established
[2025-02-23T01:01:51.399Z] INFO: Server running successfully on 3000
[2025-02-23T01:01:59.008Z] INFO: Database connection established
[2025-02-23T01:01:59.011Z] INFO: Server running successfully on 3000
[2025-02-23T01:03:32.655Z] INFO: Database connection established
[2025-02-23T01:03:32.659Z] INFO: Server running successfully on 3000
[2025-02-23T01:03:41.247Z] INFO: Database connection established
[2025-02-23T01:03:41.252Z] INFO: Server running successfully on 3000
[2025-02-23T01:04:47.171Z] INFO: Database connection established
[2025-02-23T01:04:47.176Z] INFO: Server running successfully on 3000
[2025-02-23T01:05:14.025Z] INFO: Database connection established
[2025-02-23T01:05:14.030Z] INFO: Server running successfully on 3000
[2025-02-23T01:06:23.179Z] INFO: Database connection established
[2025-02-23T01:06:23.182Z] INFO: Server running successfully on 3000
[2025-02-23T01:06:51.482Z] INFO: Database connection established
[2025-02-23T01:06:51.485Z] INFO: Server running successfully on 3000
[2025-02-23T01:07:21.908Z] INFO: Database connection established
[2025-02-23T01:07:21.912Z] INFO: Server running successfully on 3000
[2025-02-23T01:07:42.155Z] INFO: Database connection established
[2025-02-23T01:07:42.161Z] INFO: Server running successfully on 3000
[2025-02-23T01:08:12.186Z] INFO: Database connection established
[2025-02-23T01:08:12.189Z] INFO: Server running successfully on 3000
[2025-02-23T01:08:26.594Z] INFO: Database connection established
[2025-02-23T01:08:26.597Z] INFO: Server running successfully on 3000
[2025-02-23T01:09:02.412Z] INFO: Database connection established
[2025-02-23T01:09:02.422Z] INFO: Server running successfully on 3000
[2025-02-23T01:09:04.786Z] INFO: Database connection established
[2025-02-23T01:09:04.788Z] INFO: Server running successfully on 3000
[2025-02-23T01:09:21.094Z] INFO: Database connection established
[2025-02-23T01:09:21.099Z] INFO: Server running successfully on 3000
[2025-02-23T01:12:52.615Z] INFO: Database connection established
[2025-02-23T01:12:52.617Z] INFO: Server running successfully on 3000
[2025-02-23T01:13:34.156Z] INFO: Database connection established
[2025-02-23T01:13:34.160Z] INFO: Server running successfully on 3000
[2025-02-23T01:13:50.546Z] INFO: Database connection established
[2025-02-23T01:13:50.551Z] INFO: Server running successfully on 3000
[2025-02-23T01:14:08.016Z] INFO: Database connection established
[2025-02-23T01:14:08.021Z] INFO: Server running successfully on 3000
[2025-02-23T01:14:21.311Z] INFO: Database connection established
[2025-02-23T01:14:21.318Z] INFO: Server running successfully on 3000
[2025-02-23T01:19:55.684Z] INFO: Database connection established
[2025-02-23T01:19:55.696Z] INFO: Server running successfully on 3000
[2025-02-23T01:20:26.810Z] INFO: Database connection established
[2025-02-23T01:20:26.815Z] INFO: Server running successfully on 3000
[2025-02-23T01:21:55.112Z] INFO: Database connection established
[2025-02-23T01:21:55.115Z] INFO: Server running successfully on 3000
[2025-02-23T01:23:22.125Z] INFO: Database connection established
[2025-02-23T01:23:22.127Z] INFO: Server running successfully on 3000
[2025-02-23T01:23:37.746Z] INFO: Database connection established
[2025-02-23T01:23:37.748Z] INFO: Server running successfully on 3000
[2025-02-23T01:24:11.962Z] INFO: Database connection established
[2025-02-23T01:24:11.965Z] INFO: Server running successfully on 3000
[2025-02-23T01:24:31.535Z] INFO: Database connection established
[2025-02-23T01:24:31.538Z] INFO: Server running successfully on 3000
[2025-02-23T01:27:56.810Z] INFO: Database connection established
[2025-02-23T01:27:56.816Z] INFO: Server running successfully on 3000
[2025-02-23T01:28:10.611Z] INFO: Database connection established
[2025-02-23T01:28:10.614Z] INFO: Server running successfully on 3000
[2025-02-23T01:29:30.712Z] INFO: Database connection established
[2025-02-23T01:29:30.716Z] INFO: Server running successfully on 3000
[2025-02-23T01:29:40.256Z] INFO: Database connection established
[2025-02-23T01:29:40.259Z] INFO: Server running successfully on 3000
[2025-02-23T01:30:22.431Z] INFO: Database connection established
[2025-02-23T01:30:22.434Z] INFO: Server running successfully on 3000
[2025-02-23T01:30:23.019Z] INFO: Database connection established
[2025-02-23T01:30:23.024Z] INFO: Server running successfully on 3000
[2025-02-23T01:31:12.747Z] INFO: Database connection established
[2025-02-23T01:31:12.750Z] INFO: Server running successfully on 3000
[2025-02-23T01:31:27.427Z] INFO: Database connection established
[2025-02-23T01:31:27.430Z] INFO: Server running successfully on 3000
[2025-02-23T01:33:13.668Z] INFO: Database connection established
[2025-02-23T01:33:13.674Z] INFO: Server running successfully on 3000
[2025-02-23T01:33:20.598Z] INFO: Database connection established
[2025-02-23T01:33:20.601Z] INFO: Server running successfully on 3000
[2025-02-23T01:33:30.047Z] INFO: Database connection established
[2025-02-23T01:33:30.050Z] INFO: Server running successfully on 3000
[2025-02-23T01:34:00.839Z] INFO: Database connection established
[2025-02-23T01:34:00.842Z] INFO: Server running successfully on 3000
[2025-02-23T01:34:14.208Z] INFO: Database connection established
[2025-02-23T01:34:14.211Z] INFO: Server running successfully on 3000
[2025-02-23T01:34:51.503Z] INFO: Database connection established
[2025-02-23T01:34:51.510Z] INFO: Server running successfully on 3000
[2025-02-23T01:34:54.216Z] INFO: Database connection established
[2025-02-23T01:34:54.220Z] INFO: Server running successfully on 3000
[2025-02-23T01:34:56.290Z] INFO: Database connection established
[2025-02-23T01:34:56.292Z] INFO: Server running successfully on 3000
[2025-02-23T01:35:06.078Z] INFO: Database connection established
[2025-02-23T01:35:06.085Z] INFO: Server running successfully on 3000
[2025-02-23T01:35:44.925Z] INFO: Database connection established
[2025-02-23T01:35:44.928Z] INFO: Server running successfully on 3000
[2025-02-23T01:37:46.200Z] INFO: Database connection established
[2025-02-23T01:37:46.204Z] INFO: Server running successfully on 3000
[2025-02-23T01:38:09.176Z] INFO: Database connection established
[2025-02-23T01:38:09.182Z] INFO: Server running successfully on 3000
[2025-02-23T01:46:06.348Z] INFO: Database connection established
[2025-02-23T01:46:06.352Z] INFO: Server running successfully on 3000
[2025-02-23T01:46:43.916Z] INFO: Database connection established
[2025-02-23T01:46:43.923Z] INFO: Server running successfully on 3000
[2025-02-23T03:36:44.808Z] INFO: Database connection established
[2025-02-23T03:36:44.812Z] INFO: Server running successfully on 3000
[2025-02-23T03:37:04.971Z] INFO: Database connection established
[2025-02-23T03:37:04.974Z] INFO: Server running successfully on 3000
[2025-02-23T03:37:31.548Z] INFO: Database connection established
[2025-02-23T03:37:31.552Z] INFO: Server running successfully on 3000
[2025-02-23T03:40:09.752Z] INFO: Database connection established
[2025-02-23T03:40:09.756Z] INFO: Server running successfully on 3000
[2025-02-23T03:40:53.148Z] INFO: Database connection established
[2025-02-23T03:40:53.154Z] INFO: Server running successfully on 3000
[2025-02-23T03:41:45.156Z] INFO: Database connection established
[2025-02-23T03:41:45.163Z] INFO: Server running successfully on 3000
[2025-02-23T03:41:58.783Z] INFO: Database connection established
[2025-02-23T03:41:58.785Z] INFO: Server running successfully on 3000
[2025-02-23T03:42:18.481Z] INFO: Database connection established
[2025-02-23T03:42:18.485Z] INFO: Server running successfully on 3000
[2025-02-23T03:42:21.346Z] INFO: Database connection established
[2025-02-23T03:42:21.348Z] INFO: Server running successfully on 3000
[2025-02-23T03:42:25.326Z] INFO: Database connection established
[2025-02-23T03:42:25.330Z] INFO: Server running successfully on 3000
[2025-02-23T03:42:41.782Z] INFO: Database connection established
[2025-02-23T03:42:41.787Z] INFO: Server running successfully on 3000
[2025-02-23T03:48:44.036Z] INFO: Database connection established
[2025-02-23T03:48:44.043Z] INFO: Server running successfully on 3000
[2025-02-23T03:48:44.658Z] INFO: Database connection established
[2025-02-23T03:48:44.664Z] INFO: Server running successfully on 3000
[2025-02-23T03:48:46.473Z] INFO: Database connection established
[2025-02-23T03:48:46.478Z] INFO: Server running successfully on 3000
[2025-02-23T03:49:12.901Z] INFO: Database connection established
[2025-02-23T03:49:12.906Z] INFO: Server running successfully on 3000
[2025-02-23T03:49:17.321Z] INFO: Database connection established
[2025-02-23T03:49:17.328Z] INFO: Server running successfully on 3000
[2025-02-23T03:56:11.072Z] INFO: Database connection established
[2025-02-23T03:56:11.076Z] INFO: Server running successfully on 3000
[2025-02-23T03:56:57.416Z] INFO: Database connection established
[2025-02-23T03:56:57.421Z] INFO: Server running successfully on 3000
[2025-02-23T03:56:58.303Z] INFO: Database connection established
[2025-02-23T03:56:58.307Z] INFO: Server running successfully on 3000
[2025-02-23T04:01:23.060Z] INFO: Database connection established
[2025-02-23T04:01:23.066Z] INFO: Server running successfully on 3000
[2025-02-23T04:01:44.057Z] INFO: Database connection established
[2025-02-23T04:01:44.063Z] INFO: Server running successfully on 3000
[2025-02-23T04:02:54.460Z] INFO: Database connection established
[2025-02-23T04:02:54.463Z] INFO: Server running successfully on 3000
[2025-02-23T04:03:33.894Z] INFO: Database connection established
[2025-02-23T04:03:33.900Z] INFO: Server running successfully on 3000
[2025-02-23T04:04:07.089Z] INFO: Database connection established
[2025-02-23T04:04:07.093Z] INFO: Server running successfully on 3000
[2025-02-28T05:49:06.061Z] INFO: Database connection established
[2025-02-28T05:49:06.065Z] INFO: Server running successfully on 3000
[2025-03-01T04:30:18.674Z] INFO: Database connection established
[2025-03-01T04:30:18.678Z] INFO: Server running successfully on 3000
[2025-03-01T04:49:54.817Z] INFO: Database connection established
[2025-03-01T04:49:54.822Z] INFO: Server running successfully on 3000
[2025-03-01T04:51:01.928Z] INFO: Database connection established
[2025-03-01T04:51:01.934Z] INFO: Server running successfully on 3000
[2025-03-01T04:52:03.773Z] INFO: Database connection established
[2025-03-01T04:52:03.780Z] INFO: Server running successfully on 3000
[2025-03-01T04:52:32.113Z] INFO: Database connection established
[2025-03-01T04:52:32.119Z] INFO: Server running successfully on 3000
[2025-03-01T04:53:44.147Z] INFO: Database connection established
[2025-03-01T04:53:44.152Z] INFO: Server running successfully on 3000
[2025-03-01T04:54:25.890Z] INFO: Database connection established
[2025-03-01T04:54:25.896Z] INFO: Server running successfully on 3000
[2025-03-01T04:55:42.288Z] INFO: Database connection established
[2025-03-01T04:55:42.291Z] INFO: Server running successfully on 3000
[2025-03-01T04:56:52.452Z] INFO: Database connection established
[2025-03-01T04:56:52.457Z] INFO: Server running successfully on 3000
[2025-03-01T05:22:04.760Z] INFO: Database connection established
[2025-03-01T05:22:04.763Z] INFO: Server running successfully on 3000
[2025-03-01T05:26:15.633Z] INFO: Database connection established
[2025-03-01T05:26:15.640Z] INFO: Server running successfully on 3000
[2025-03-01T05:28:09.432Z] INFO: Database connection established
[2025-03-01T05:28:09.441Z] INFO: Server running successfully on 3000
[2025-03-01T05:30:06.535Z] INFO: Database connection established
[2025-03-01T05:30:06.537Z] INFO: Server running successfully on 3000
[2025-03-01T05:30:15.465Z] INFO: Database connection established
[2025-03-01T05:30:15.469Z] INFO: Server running successfully on 3000
[2025-03-01T05:32:06.740Z] INFO: Database connection established
[2025-03-01T05:32:06.745Z] INFO: Server running successfully on 3000
[2025-03-01T05:35:48.544Z] INFO: Database connection established
[2025-03-01T05:35:48.550Z] INFO: Server running successfully on 3000
[2025-03-01T07:18:11.882Z] INFO: Database connection established
[2025-03-01T07:18:11.886Z] INFO: Server running successfully on 3000
[2025-03-01T07:21:55.609Z] INFO: Database connection established
[2025-03-01T07:21:55.612Z] INFO: Server running successfully on 3000
[2025-03-01T07:22:17.020Z] INFO: Database connection established
[2025-03-01T07:22:17.026Z] INFO: Server running successfully on 3000
[2025-03-01T07:22:26.595Z] INFO: Database connection established
[2025-03-01T07:22:26.597Z] INFO: Server running successfully on 3000
[2025-03-01T07:23:17.013Z] INFO: Database connection established
[2025-03-01T07:23:17.018Z] INFO: Server running successfully on 3000
[2025-03-01T07:25:34.754Z] INFO: Database connection established
[2025-03-01T07:25:34.759Z] INFO: Server running successfully on 3000
[2025-03-01T07:26:08.744Z] INFO: Database connection established
[2025-03-01T07:26:08.748Z] INFO: Server running successfully on 3000
[2025-03-01T07:27:00.925Z] INFO: Database connection established
[2025-03-01T07:27:00.930Z] INFO: Server running successfully on 3000
[2025-03-01T07:28:00.818Z] INFO: Database connection established
[2025-03-01T07:28:00.820Z] INFO: Server running successfully on 3000
[2025-03-01T07:28:15.977Z] INFO: Database connection established
[2025-03-01T07:28:15.982Z] INFO: Server running successfully on 3000
[2025-03-01T07:28:17.391Z] INFO: Database connection established
[2025-03-01T07:28:17.394Z] INFO: Server running successfully on 3000
[2025-03-01T07:29:47.247Z] INFO: Database connection established
[2025-03-01T07:29:47.251Z] INFO: Server running successfully on 3000
[2025-03-01T07:30:02.949Z] INFO: Database connection established
[2025-03-01T07:30:02.953Z] INFO: Server running successfully on 3000
[2025-03-01T07:30:14.487Z] INFO: Database connection established
[2025-03-01T07:30:14.490Z] INFO: Server running successfully on 3000
[2025-03-01T07:30:15.065Z] INFO: Database connection established
[2025-03-01T07:30:15.069Z] INFO: Server running successfully on 3000
[2025-03-01T07:34:42.517Z] INFO: Database connection established
[2025-03-01T07:34:42.521Z] INFO: Server running successfully on 3000
[2025-03-01T07:35:32.825Z] INFO: Database connection established
[2025-03-01T07:35:32.831Z] INFO: Server running successfully on 3000
[2025-03-01T07:35:50.869Z] INFO: Database connection established
[2025-03-01T07:35:50.873Z] INFO: Server running successfully on 3000
[2025-03-01T07:36:46.602Z] INFO: Database connection established
[2025-03-01T07:36:46.605Z] INFO: Server running successfully on 3000
[2025-03-01T07:36:58.464Z] INFO: Database connection established
[2025-03-01T07:36:58.477Z] INFO: Server running successfully on 3000
[2025-03-01T07:37:08.836Z] INFO: Database connection established
[2025-03-01T07:37:08.839Z] INFO: Server running successfully on 3000
[2025-03-01T07:37:26.444Z] INFO: Database connection established
[2025-03-01T07:37:26.446Z] INFO: Server running successfully on 3000
[2025-03-01T07:37:32.648Z] INFO: Database connection established
[2025-03-01T07:37:32.653Z] INFO: Server running successfully on 3000
[2025-03-01T07:37:36.513Z] INFO: Database connection established
[2025-03-01T07:37:36.516Z] INFO: Server running successfully on 3000
[2025-03-01T07:37:54.764Z] INFO: Database connection established
[2025-03-01T07:37:54.770Z] INFO: Server running successfully on 3000
[2025-03-01T07:39:34.260Z] INFO: Database connection established
[2025-03-01T07:39:34.268Z] INFO: Server running successfully on 3000
[2025-03-01T07:39:44.419Z] INFO: Database connection established
[2025-03-01T07:39:44.423Z] INFO: Server running successfully on 3000
[2025-03-01T07:42:59.548Z] INFO: Database connection established
[2025-03-01T07:42:59.550Z] INFO: Server running successfully on 3000
[2025-03-01T07:43:00.124Z] INFO: Database connection established
[2025-03-01T07:43:00.128Z] INFO: Server running successfully on 3000
[2025-03-01T07:43:07.131Z] INFO: Database connection established
[2025-03-01T07:43:07.133Z] INFO: Server running successfully on 3000
[2025-03-01T07:43:25.960Z] INFO: Database connection established
[2025-03-01T07:43:25.964Z] INFO: Server running successfully on 3000
[2025-03-01T07:43:29.151Z] INFO: Database connection established
[2025-03-01T07:43:29.155Z] INFO: Server running successfully on 3000
[2025-03-01T07:45:38.848Z] INFO: Database connection established
[2025-03-01T07:45:38.855Z] INFO: Server running successfully on 3000
[2025-03-01T07:46:02.109Z] INFO: Database connection established
[2025-03-01T07:46:02.113Z] INFO: Server running successfully on 3000
[2025-03-01T07:46:11.204Z] INFO: Database connection established
[2025-03-01T07:46:11.209Z] INFO: Server running successfully on 3000
[2025-03-01T07:46:25.015Z] INFO: Database connection established
[2025-03-01T07:46:25.019Z] INFO: Server running successfully on 3000
[2025-03-01T07:46:29.381Z] INFO: Database connection established
[2025-03-01T07:46:29.384Z] INFO: Server running successfully on 3000
[2025-03-01T07:47:48.437Z] INFO: Database connection established
[2025-03-01T07:47:48.442Z] INFO: Server running successfully on 3000
[2025-03-01T07:49:11.875Z] INFO: Database connection established
[2025-03-01T07:49:11.881Z] INFO: Server running successfully on 3000
[2025-03-01T07:53:18.221Z] INFO: Database connection established
[2025-03-01T07:53:18.226Z] INFO: Server running successfully on 3000
[2025-03-01T07:53:22.355Z] INFO: Database connection established
[2025-03-01T07:53:22.359Z] INFO: Server running successfully on 3000
[2025-03-01T08:59:58.795Z] INFO: Database connection established
[2025-03-01T08:59:58.798Z] INFO: Server running successfully on 3000
[2025-03-01T09:00:29.989Z] INFO: Database connection established
[2025-03-01T09:00:29.992Z] INFO: Server running successfully on 3000
[2025-03-01T09:00:30.526Z] INFO: Database connection established
[2025-03-01T09:00:30.531Z] INFO: Server running successfully on 3000
[2025-03-01T09:00:56.903Z] INFO: Database connection established
[2025-03-01T09:00:56.905Z] INFO: Server running successfully on 3000
[2025-03-01T09:02:12.614Z] INFO: Database connection established
[2025-03-01T09:02:12.620Z] INFO: Server running successfully on 3000
[2025-03-01T09:15:58.881Z] INFO: Database connection established
[2025-03-01T09:15:58.885Z] INFO: Server running successfully on 3000
[2025-03-01T09:16:08.025Z] INFO: Database connection established
[2025-03-01T09:16:08.029Z] INFO: Server running successfully on 3000
[2025-03-01T09:16:10.525Z] INFO: Database connection established
[2025-03-01T09:16:10.529Z] INFO: Server running successfully on 3000
[2025-03-01T15:22:49.050Z] INFO: Database connection established
[2025-03-01T15:22:49.056Z] INFO: Server running successfully on 3000
[2025-03-01T15:31:09.577Z] INFO: Database connection established
[2025-03-01T15:31:09.585Z] INFO: Server running successfully on 3000
[2025-03-01T15:31:10.245Z] INFO: Database connection established
[2025-03-01T15:31:10.250Z] INFO: Server running successfully on 3000
[2025-03-01T15:31:41.201Z] INFO: Database connection established
[2025-03-01T15:31:41.203Z] INFO: Server running successfully on 3000
[2025-03-01T15:31:42.728Z] INFO: Database connection established
[2025-03-01T15:31:42.738Z] INFO: Server running successfully on 3000
[2025-03-01T15:31:45.493Z] INFO: Database connection established
[2025-03-01T15:31:45.496Z] INFO: Server running successfully on 3000
[2025-03-01T15:32:57.835Z] INFO: Database connection established
[2025-03-01T15:32:57.838Z] INFO: Server running successfully on 3000
[2025-03-01T15:39:40.093Z] INFO: Database connection established
[2025-03-01T15:39:40.100Z] INFO: Server running successfully on 3000
[2025-03-01T15:41:30.488Z] INFO: Database connection established
[2025-03-01T15:41:30.493Z] INFO: Server running successfully on 3000
[2025-03-01T15:44:21.704Z] INFO: Database connection established
[2025-03-01T15:44:21.708Z] INFO: Server running successfully on 3000
[2025-03-01T15:44:42.894Z] INFO: Database connection established
[2025-03-01T15:44:42.899Z] INFO: Server running successfully on 3000
[2025-03-01T15:45:02.163Z] INFO: Database connection established
[2025-03-01T15:45:02.167Z] INFO: Server running successfully on 3000
[2025-03-01T15:45:05.630Z] INFO: Database connection established
[2025-03-01T15:45:05.635Z] INFO: Server running successfully on 3000
[2025-03-01T15:45:55.743Z] INFO: Database connection established
[2025-03-01T15:45:55.746Z] INFO: Server running successfully on 3000
[2025-03-01T15:46:04.309Z] INFO: Database connection established
[2025-03-01T15:46:04.317Z] INFO: Server running successfully on 3000
[2025-03-01T15:54:21.167Z] INFO: Database connection established
[2025-03-01T15:54:21.170Z] INFO: Server running successfully on 3000
[2025-03-01T15:54:21.830Z] INFO: Database connection established
[2025-03-01T15:54:21.835Z] INFO: Server running successfully on 3000
[2025-03-01T16:03:17.198Z] INFO: Database connection established
[2025-03-01T16:03:17.203Z] INFO: Server running successfully on 3000
[2025-03-01T16:03:25.827Z] INFO: Database connection established
[2025-03-01T16:03:25.832Z] INFO: Server running successfully on 3000
[2025-03-01T16:03:53.476Z] INFO: Database connection established
[2025-03-01T16:03:53.481Z] INFO: Server running successfully on 3000
[2025-03-01T16:03:54.177Z] INFO: Database connection established
[2025-03-01T16:03:54.180Z] INFO: Server running successfully on 3000
[2025-03-01T16:03:59.491Z] INFO: Database connection established
[2025-03-01T16:03:59.498Z] INFO: Server running successfully on 3000
[2025-03-01T16:04:06.035Z] INFO: Database connection established
[2025-03-01T16:04:06.040Z] INFO: Server running successfully on 3000
[2025-03-01T16:04:19.423Z] INFO: Database connection established
[2025-03-01T16:04:19.429Z] INFO: Server running successfully on 3000
[2025-03-01T16:04:25.336Z] INFO: Database connection established
[2025-03-01T16:04:25.341Z] INFO: Server running successfully on 3000
[2025-03-01T16:05:29.388Z] INFO: Database connection established
[2025-03-01T16:05:29.392Z] INFO: Server running successfully on 3000
[2025-03-01T16:06:49.057Z] INFO: Database connection established
[2025-03-01T16:06:49.061Z] INFO: Server running successfully on 3000
[2025-03-01T16:08:25.386Z] INFO: Database connection established
[2025-03-01T16:08:25.391Z] INFO: Server running successfully on 3000
[2025-03-01T17:25:01.327Z] INFO: Database connection established
[2025-03-01T17:25:01.334Z] INFO: Server running successfully on 3000
[2025-03-01T17:25:32.803Z] INFO: Database connection established
[2025-03-01T17:25:32.808Z] INFO: Server running successfully on 3000
[2025-03-01T17:25:57.539Z] INFO: Database connection established
[2025-03-01T17:25:57.544Z] INFO: Server running successfully on 3000
[2025-03-01T17:26:00.578Z] INFO: Database connection established
[2025-03-01T17:26:00.583Z] INFO: Server running successfully on 3000
[2025-03-01T17:26:28.299Z] INFO: Database connection established
[2025-03-01T17:26:28.303Z] INFO: Server running successfully on 3000
[2025-03-01T17:29:17.586Z] INFO: Database connection established
[2025-03-01T17:29:17.590Z] INFO: Server running successfully on 3000
[2025-03-01T17:29:48.412Z] INFO: Database connection established
[2025-03-01T17:29:48.417Z] INFO: Server running successfully on 3000
[2025-03-01T17:29:53.420Z] INFO: Database connection established
[2025-03-01T17:29:53.425Z] INFO: Server running successfully on 3000
[2025-03-01T17:30:04.060Z] INFO: Database connection established
[2025-03-01T17:30:04.065Z] INFO: Server running successfully on 3000
[2025-03-01T17:30:10.842Z] INFO: Database connection established
[2025-03-01T17:30:10.847Z] INFO: Server running successfully on 3000
[2025-03-01T17:31:26.065Z] INFO: Database connection established
[2025-03-01T17:31:26.069Z] INFO: Server running successfully on 3000
[2025-03-01T17:37:11.922Z] INFO: Database connection established
[2025-03-01T17:37:11.926Z] INFO: Server running successfully on 3000
[2025-03-01T17:37:25.582Z] INFO: Database connection established
[2025-03-01T17:37:25.587Z] INFO: Server running successfully on 3000
[2025-03-01T17:38:25.899Z] INFO: Database connection established
[2025-03-01T17:38:25.904Z] INFO: Server running successfully on 3000
[2025-03-01T17:43:46.093Z] INFO: Database connection established
[2025-03-01T17:43:46.099Z] INFO: Server running successfully on 3000
[2025-03-01T17:44:10.798Z] INFO: Database connection established
[2025-03-01T17:44:10.803Z] INFO: Server running successfully on 3000
[2025-03-01T17:44:16.593Z] INFO: Database connection established
[2025-03-01T17:44:16.595Z] INFO: Server running successfully on 3000
[2025-03-01T17:44:17.378Z] INFO: Database connection established
[2025-03-01T17:44:17.380Z] INFO: Server running successfully on 3000
[2025-03-01T17:44:19.369Z] INFO: Database connection established
[2025-03-01T17:44:19.375Z] INFO: Server running successfully on 3000
[2025-03-01T17:45:50.540Z] INFO: Database connection established
[2025-03-01T17:45:50.545Z] INFO: Server running successfully on 3000
[2025-03-01T17:46:41.957Z] INFO: Database connection established
[2025-03-01T17:46:41.962Z] INFO: Server running successfully on 3000
[2025-03-01T17:46:55.659Z] INFO: Database connection established
[2025-03-01T17:46:55.662Z] INFO: Server running successfully on 3000
[2025-03-01T17:47:05.082Z] INFO: Database connection established
[2025-03-01T17:47:05.086Z] INFO: Server running successfully on 3000
[2025-03-01T17:47:12.218Z] INFO: Database connection established
[2025-03-01T17:47:12.223Z] INFO: Server running successfully on 3000
[2025-03-01T17:47:30.264Z] INFO: Database connection established
[2025-03-01T17:47:30.269Z] INFO: Server running successfully on 3000
[2025-03-01T17:50:05.677Z] INFO: Database connection established
[2025-03-01T17:50:05.680Z] INFO: Server running successfully on 3000
[2025-03-01T17:50:09.588Z] INFO: Database connection established
[2025-03-01T17:50:09.590Z] INFO: Server running successfully on 3000
[2025-03-01T17:50:15.553Z] INFO: Database connection established
[2025-03-01T17:50:15.558Z] INFO: Server running successfully on 3000
[2025-03-01T17:50:19.866Z] INFO: Database connection established
[2025-03-01T17:50:19.871Z] INFO: Server running successfully on 3000
[2025-03-01T17:50:32.654Z] INFO: Database connection established
[2025-03-01T17:50:32.658Z] INFO: Server running successfully on 3000
[2025-03-01T17:50:41.623Z] INFO: Database connection established
[2025-03-01T17:50:41.629Z] INFO: Server running successfully on 3000
[2025-03-01T17:51:29.112Z] INFO: Database connection established
[2025-03-01T17:51:29.118Z] INFO: Server running successfully on 3000
[2025-03-01T17:51:40.438Z] INFO: Database connection established
[2025-03-01T17:51:40.442Z] INFO: Server running successfully on 3000
[2025-03-01T17:52:05.928Z] INFO: Database connection established
[2025-03-01T17:52:05.935Z] INFO: Server running successfully on 3000
[2025-03-01T17:52:30.270Z] INFO: Database connection established
[2025-03-01T17:52:30.273Z] INFO: Server running successfully on 3000
[2025-03-01T17:52:35.426Z] INFO: Database connection established
[2025-03-01T17:52:35.429Z] INFO: Server running successfully on 3000
[2025-03-01T17:52:38.429Z] INFO: Database connection established
[2025-03-01T17:52:38.432Z] INFO: Server running successfully on 3000
[2025-03-01T17:53:46.926Z] INFO: Database connection established
[2025-03-01T17:53:46.932Z] INFO: Server running successfully on 3000
[2025-03-01T17:54:01.438Z] INFO: Database connection established
[2025-03-01T17:54:01.443Z] INFO: Server running successfully on 3000
[2025-03-01T17:54:07.477Z] INFO: Database connection established
[2025-03-01T17:54:07.479Z] INFO: Server running successfully on 3000
[2025-03-01T17:54:10.132Z] INFO: Database connection established
[2025-03-01T17:54:10.136Z] INFO: Server running successfully on 3000
[2025-03-01T18:07:45.826Z] INFO: Database connection established
[2025-03-01T18:07:45.829Z] INFO: Server running successfully on 3000
[2025-03-01T18:08:38.920Z] INFO: Database connection established
[2025-03-01T18:08:38.926Z] INFO: Server running successfully on 3000
[2025-03-01T18:08:46.972Z] INFO: Database connection established
[2025-03-01T18:08:46.977Z] INFO: Server running successfully on 3000
[2025-03-01T18:09:02.651Z] INFO: Database connection established
[2025-03-01T18:09:02.654Z] INFO: Server running successfully on 3000
[2025-03-01T18:09:29.286Z] INFO: Database connection established
[2025-03-01T18:09:29.290Z] INFO: Server running successfully on 3000
[2025-03-01T18:09:29.975Z] INFO: Database connection established
[2025-03-01T18:09:29.979Z] INFO: Server running successfully on 3000
[2025-03-01T18:10:34.867Z] INFO: Database connection established
[2025-03-01T18:10:34.872Z] INFO: Server running successfully on 3000
[2025-03-01T18:10:35.642Z] INFO: Database connection established
[2025-03-01T18:10:35.646Z] INFO: Server running successfully on 3000
[2025-03-01T18:11:13.550Z] INFO: Database connection established
[2025-03-01T18:11:13.557Z] INFO: Server running successfully on 3000
[2025-03-01T18:12:27.159Z] INFO: Database connection established
[2025-03-01T18:12:27.164Z] INFO: Server running successfully on 3000
[2025-03-01T18:12:28.349Z] INFO: Database connection established
[2025-03-01T18:12:28.353Z] INFO: Server running successfully on 3000
[2025-03-01T18:14:30.914Z] INFO: Database connection established
[2025-03-01T18:14:30.916Z] INFO: Server running successfully on 3000
